// Jest Snapshot v1, https://goo.gl/fbAQLP

exports[`should render Expense list with Expense 1`] = `
<div>
  <h1>
    Expense List
  </h1>
  <ExpenseListItem
    expense={
      Object {
        "amount": 9000,
        "createdAt": 1686126588493,
        "description": "rent",
        "id": "1",
      }
    }
    key="0"
  />
  <ExpenseListItem
    expense={
      Object {
        "amount": 200,
        "createdAt": 1686226488493,
        "description": "rent",
        "id": "2",
      }
    }
    key="1"
  />
  <ExpenseListItem
    expense={
      Object {
        "amount": 10000,
        "createdAt": 1586226588493,
        "description": "Coffee",
        "id": "3",
      }
    }
    key="2"
  />
  <ExpenseListItem
    expense={
      Object {
        "amount": 800,
        "createdAt": 1626226588493,
        "description": "Water Bill",
        "id": "4",
      }
    }
    key="3"
  />
  <ExpenseListItem
    expense={
      Object {
        "amount": 1500,
        "createdAt": 1686226588403,
        "description": "Gas Bill",
        "id": "5",
      }
    }
    key="4"
  />
</div>
`;

exports[`should render Expense list with no Expense 1`] = `
<div>
  <h1>
    Expense List
  </h1>
  <ExpenseListItem
    expense={
      Object {
        "amount": 9000,
        "createdAt": 1686126588493,
        "description": "rent",
        "id": "1",
      }
    }
    key="0"
  />
  <ExpenseListItem
    expense={
      Object {
        "amount": 200,
        "createdAt": 1686226488493,
        "description": "rent",
        "id": "2",
      }
    }
    key="1"
  />
  <ExpenseListItem
    expense={
      Object {
        "amount": 10000,
        "createdAt": 1586226588493,
        "description": "Coffee",
        "id": "3",
      }
    }
    key="2"
  />
  <ExpenseListItem
    expense={
      Object {
        "amount": 800,
        "createdAt": 1626226588493,
        "description": "Water Bill",
        "id": "4",
      }
    }
    key="3"
  />
  <ExpenseListItem
    expense={
      Object {
        "amount": 1500,
        "createdAt": 1686226588403,
        "description": "Gas Bill",
        "id": "5",
      }
    }
    key="4"
  />
</div>
`;
